// Jest Snapshot v1, https://goo.gl/fbAQLP

exports[`should render correclty with initial state should render and take a snapshot 1`] = `
<DocumentFragment>
  <div
    class="sc-fznKkj cnvtHl"
  >
    <div
      class="accordion"
    >
      <div
        class="accordion"
      >
        <button
          class="sc-AxjAm hlGWnD accordionHeader active"
          disabled=""
        >
          <span
            class="accordionTitle"
          >
            TYPE
          </span>
        </button>
        <div
          class="sc-AxirZ hJFkGx"
        >
          <div>
            <div>
              <label
                class="container-checkbox"
              >
                <input
                  name="MOVIE"
                  type="checkbox"
                />
                MOVIE(1)
                <span
                  class="checkmark"
                />
              </label>
            </div>
            <div>
              <label
                class="container-checkbox"
              >
                <input
                  name="SERIES"
                  type="checkbox"
                />
                SERIES(0)
                <span
                  class="checkmark"
                />
              </label>
            </div>
          </div>
        </div>
      </div>
    </div>
    <div
      class="accordion"
    >
      <div
        class="accordion"
      >
        <button
          class="sc-AxjAm hlGWnD accordionHeader active"
          disabled=""
        >
          <span
            class="accordionTitle"
          >
            YEARS
          </span>
        </button>
        <div
          class="sc-AxirZ hJFkGx"
        >
          <div>
            <div>
              <label
                class="container-checkbox"
              >
                <input
                  name="string"
                  type="checkbox"
                />
                string(1)
                <span
                  class="checkmark"
                />
              </label>
            </div>
          </div>
        </div>
      </div>
    </div>
    <div
      class="accordion"
    >
      <div
        class="accordion"
      >
        <button
          class="sc-AxjAm hlGWnD accordionHeader active"
          disabled=""
        >
          <span
            class="accordionTitle"
          >
            METASCORE
          </span>
        </button>
        <div
          class="sc-AxirZ hJFkGx"
        >
          <div>
            <div>
              <label
                class="container-checkbox"
              >
                <input
                  name=""
                  type="checkbox"
                />
                (1)
                <span
                  class="checkmark"
                />
              </label>
            </div>
          </div>
        </div>
      </div>
    </div>
    <div
      class="accordion"
    >
      <div
        class="accordion"
      >
        <button
          class="sc-AxjAm hlGWnD accordionHeader active"
          disabled=""
        >
          <span
            class="accordionTitle"
          >
            GENRE
          </span>
        </button>
        <div
          class="sc-AxirZ hJFkGx"
        >
          <div>
            <div>
              <label
                class="container-checkbox"
              >
                <input
                  name="string"
                  type="checkbox"
                />
                string(1)
                <span
                  class="checkmark"
                />
              </label>
            </div>
          </div>
        </div>
      </div>
    </div>
    <div
      class="accordion"
    >
      <div
        class="accordion"
      >
        <button
          class="sc-AxjAm hlGWnD accordionHeader active"
          disabled=""
        >
          <span
            class="accordionTitle"
          >
            WATCHED
          </span>
        </button>
        <div
          class="sc-AxirZ hJFkGx"
        >
          <div>
            <div>
              <label
                class="container-checkbox"
              >
                <input
                  name="YES"
                  type="checkbox"
                />
                YES(0)
                <span
                  class="checkmark"
                />
              </label>
            </div>
            <div>
              <label
                class="container-checkbox"
              >
                <input
                  name="NO"
                  type="checkbox"
                />
                NO(1)
                <span
                  class="checkmark"
                />
              </label>
            </div>
          </div>
        </div>
      </div>
    </div>
    <div
      class="accordion"
    >
      <div
        class="accordion"
      >
        <button
          class="sc-AxjAm hlGWnD accordionHeader active"
          disabled=""
        >
          <span
            class="accordionTitle"
          >
            SAVED IN WATCHED LIST
          </span>
        </button>
        <div
          class="sc-AxirZ hJFkGx"
        >
          <div>
            <div>
              <label
                class="container-checkbox"
              >
                <input
                  name="YES"
                  type="checkbox"
                />
                YES(1)
                <span
                  class="checkmark"
                />
              </label>
            </div>
            <div>
              <label
                class="container-checkbox"
              >
                <input
                  name="NO"
                  type="checkbox"
                />
                NO(0)
                <span
                  class="checkmark"
                />
              </label>
            </div>
          </div>
        </div>
      </div>
    </div>
    <div
      class="accordion"
    >
      <div
        class="accordion"
      >
        <button
          class="sc-AxjAm hlGWnD accordionHeader active"
          disabled=""
        >
          <span
            class="accordionTitle"
          >
            ACTORS
          </span>
        </button>
        <div
          class="sc-AxirZ hJFkGx"
        >
          <div>
            <div>
              <label
                class="container-checkbox"
              >
                <input
                  name="string"
                  type="checkbox"
                />
                string(1)
                <span
                  class="checkmark"
                />
              </label>
            </div>
          </div>
        </div>
      </div>
    </div>
    <div
      class="accordion"
    >
      <div
        class="accordion"
      >
        <button
          class="sc-AxjAm hlGWnD accordionHeader active"
          disabled=""
        >
          <span
            class="accordionTitle"
          >
            DIRECTORS
          </span>
        </button>
        <div
          class="sc-AxirZ hJFkGx"
        >
          <div>
            <div>
              <label
                class="container-checkbox"
              >
                <input
                  name="string"
                  type="checkbox"
                />
                string(1)
                <span
                  class="checkmark"
                />
              </label>
            </div>
          </div>
        </div>
      </div>
    </div>
  </div>
</DocumentFragment>
`;
