// Jest Snapshot v1, https://goo.gl/fbAQLP

exports[`should render correclty with initial state should take a snapshot 1`] = `
<DocumentFragment>
  <div
    class="helloworld"
  >
    <h2>
      AddressForm validation
    </h2>
    <form
      id="addressForm"
    >
      <label
        for="surname"
      >
        surname
      </label>
      <input
        class=""
        data-error=""
        name="surname"
        type="text"
        value=""
      />
      <label
        for="name"
      >
        name
      </label>
      <input
        class=""
        data-error=""
        name="name"
        type="text"
        value=""
      />
      <label
        for="about"
      >
        ABOUT
      </label>
      <textarea
        class=""
        data-error=""
        name="about"
        placeholder="describe yourself..."
      />
      <div
        class="radioButtons "
      >
        <div>
          <label>
            0-30
          </label>
          <input
            data-error=""
            name="age"
            type="radio"
            value="30"
          />
        </div>
        <div>
          <label>
            31-60
          </label>
          <input
            data-error=""
            name="age"
            type="radio"
            value="60"
          />
        </div>
        <div>
          <label>
            61-90
          </label>
          <input
            checked=""
            data-error=""
            name="age"
            type="radio"
            value="90"
          />
        </div>
      </div>
      <label
        for="telephone"
      >
        telephone
      </label>
      <input
        class=""
        data-error=""
        name="telephone"
        type="number"
        value=""
      />
      <label
        for="hobby"
      >
        hobby
      </label>
      <input
        class=""
        data-error=""
        name="hobby"
        type="text"
        value=""
      />
      <input
        type="submit"
        value="submit"
      />
    </form>
    <h2>
      BillingForm validation
    </h2>
    <form
      id="accountForm"
    >
      <label
        for="surname"
      >
        surname
      </label>
      <input
        class=""
        data-error=""
        name="surname"
        type="text"
        value=""
      />
      <label
        for="name"
      >
        name
      </label>
      <input
        class=""
        data-error=""
        name="name"
        type="text"
        value=""
      />
      <label
        for="paymentMethod"
      >
        payment Method
      </label>
      <select
        class=""
        data-error=""
        name="paymentMethod"
      >
        <option
          disabled=""
          selected=""
          style="color: gray;"
          value=""
        >
          pick a payment method
        </option>
        <option
          value="visa card"
        >
          visa card
        </option>
        <option
          value="mastercard"
        >
          mastercard
        </option>
        <option
          value="paypal"
        >
          paypal
        </option>
        <option
          value="klarna"
        >
          klarna
        </option>
      </select>
      <label
        for="accountNumber"
      >
        accountNumber
      </label>
      <input
        class=""
        data-error=""
        name="accountNumber"
        type="number"
        value=""
      />
      <input
        type="submit"
        value="submit"
      />
    </form>
    <div
      id="submitAll"
    >
      <form
        id="all"
      >
        <input
          type="submit"
          value="submit"
        />
      </form>
    </div>
  </div>
</DocumentFragment>
`;
