// Jest Snapshot v1, https://goo.gl/fbAQLP

exports[`@render Component has loaded data 1`] = `
<DocumentFragment>
  <form
    class="searchTemperature"
  >
    <label
      for="search"
    />
    search Temperature
    <input
      name="search"
      type="number"
    />
    <div
      class="minMaxContainer"
    >
      <label
        for="max"
      >
        min
        <input
          checked=""
          name="max"
          type="radio"
          value="min"
        />
      </label>
      <label
        for="min"
      >
        max
        <input
          name="min"
          type="radio"
          value="max"
        />
      </label>
    </div>
    <button
      id="submit"
    >
      Search
    </button>
  </form>
</DocumentFragment>
`;
